---
source: tui/src/resume_picker.rs
expression: "render_dashboard_list_snapshot(&state, 92, 18)"
---
~/Projects/claudex  ─
❯ [Working]     Build the agents dashboard
  42s ago        no branch

  [Needs Input] Review daemon lifecycle
  36m ago        no branch

~/Projects/site  ─
  [Idle]        Update landing page
  2h ago         no branch

~/Projects/archive  ─
  [Done]        Old completed task
  1d ago         no branch

/work/invocation  ─
                Start a new agent
  -              no branch
